// Jest Snapshot v1, https://goo.gl/fbAQLP

exports[`Should render ExpenseListItem correctly 1`] = `
<div>
  <Link
    to="/edit/1"
  >
    <h3>
      teXt dEscription
    </h3>
  </Link>
  <p>
    $12.00
     - 
    Jan 1st, 1970
  </p>
  <Link
    to="/edit/1"
  >
    <button>
      Edit
    </button>
  </Link>
  <button
    onClick={[Function]}
  >
    Delete
  </button>
</div>
`;
